Renesas Optimizing Linker (W3.04.00 )             24-Jan-2023 17:21:33

*** Options ***

-subcommand=LinkerStepper_Code.tmp
-MAKEUD=D:\Project\Seperate Code\Stepper_Code\Stepper_Code\HardwareDebug/Stepper_Code_l.ud
-noprelink
-input=".\src\Stepper_Code.obj"
-input=".\src/smc_gen/Config_CMT0\Config_CMT0.obj"
-input=".\src/smc_gen/Config_CMT0\Config_CMT0_user.obj"
-input=".\src/smc_gen/Config_PORT\Config_PORT.obj"
-input=".\src/smc_gen/Config_PORT\Config_PORT_user.obj"
-input=".\src/smc_gen/Config_WDT\Config_WDT.obj"
-input=".\src/smc_gen/Config_WDT\Config_WDT_user.obj"
-input=".\src/smc_gen/general\r_cg_hardware_setup.obj"
-input=".\src/smc_gen/general\r_smc_cgc.obj"
-input=".\src/smc_gen/general\r_smc_cgc_user.obj"
-input=".\src/smc_gen/general\r_smc_interrupt.obj"
-input=".\src/smc_gen/r_bsp/board/generic_rx231\hwsetup.obj"
-input=".\src/smc_gen/r_bsp/mcu/all\dbsct.obj"
-input=".\src/smc_gen/r_bsp/mcu/all\lowlvl.obj"
-input=".\src/smc_gen/r_bsp/mcu/all\lowsrc.obj"
-input=".\src/smc_gen/r_bsp/mcu/all\mcu_locks.obj"
-input=".\src/smc_gen/r_bsp/mcu/all\r_bsp_common.obj"
-input=".\src/smc_gen/r_bsp/mcu/all\r_bsp_cpu.obj"
-input=".\src/smc_gen/r_bsp/mcu/all\r_bsp_interrupts.obj"
-input=".\src/smc_gen/r_bsp/mcu/all\r_bsp_locking.obj"
-input=".\src/smc_gen/r_bsp/mcu/all\r_bsp_mcu_startup.obj"
-input=".\src/smc_gen/r_bsp/mcu/all\r_bsp_software_interrupt.obj"
-input=".\src/smc_gen/r_bsp/mcu/all\r_rx_intrinsic_functions.obj"
-input=".\src/smc_gen/r_bsp/mcu/all\resetprg.obj"
-input=".\src/smc_gen/r_bsp/mcu/all\sbrk.obj"
-input=".\src/smc_gen/r_bsp/mcu/rx231\mcu_clocks.obj"
-input=".\src/smc_gen/r_bsp/mcu/rx231\mcu_init.obj"
-input=".\src/smc_gen/r_bsp/mcu/rx231\mcu_interrupts.obj"
-input=".\src/smc_gen/r_bsp/mcu/rx231\r_bsp_vbatt.obj"
-input=".\src/smc_gen/r_bsp/mcu/rx231\vecttbl.obj"
-input=".\src/smc_gen/r_pincfg\Pin.obj"
-library=".\Stepper_Code.lib"
-start=SU,SI,B_1,R_1,B_2,R_2,B,R/04,C_1,C_2,C,C$*,D*,W*,L,P*/0FFFE0000,EXCEPTVECT/0FFFFFF80,RESETVECT/0FFFFFFFC
-output="Stepper_Code.abs"
-form=absolute
-nomessage
-vect=_undefined_interrupt_source_isr
-list=Stepper_Code.map
-nooptimize
-rom=D=R,D_1=R_1,D_2=R_2
-cpu=RAM=00000000-00007fff,FIX=00080000-00083fff,FIX=00086000-00087fff,FIX=00088000-0008dfff,FIX=00090000-0009ffff,FIX=000a0000-000bffff,FIX=000c0000-000fffff,ROM=00100000-00101fff,FIX=007fc000-007fc4ff,FIX=007ffc00-007fffff,ROM=fffe0000-ffffffff
-nologo

*** Error information ***

*** Mapping List ***

SECTION                            START      END         SIZE   ALIGN
SU
                                  00000004  00001003      1000   4
SI
                                  00001004  00001403       400   4
B_1
                                  00001404  00001449        46   1
R_1
                                  0000144a  00001499        50   1
B_2
                                  0000149a  000014a3         a   2
R_2
                                  000014a4  000014a4         0   1
B
                                  000014a4  00001ccf       82c   4
R
                                  00001cd0  00001e67       198   4
C_1
                                  fffe0000  fffe0000         0   1
C_2
                                  fffe0000  fffe0007         8   2
C
                                  fffe0008  fffe007f        78   4
C$DSEC
                                  fffe0080  fffe00a3        24   4
C$BSEC
                                  fffe00a4  fffe00bb        18   4
C$VECT
                                  fffe00bc  fffe04bb       400   4
D
                                  fffe04bc  fffe0653       198   4
D_1
                                  fffe0654  fffe06a3        50   1
D_2
                                  fffe06a4  fffe06a4         0   1
W
                                  fffe06a4  fffe06a4         0   4
W_1
                                  fffe06a4  fffe06c0        1d   1
W_2
                                  fffe06c2  fffe06c2         0   2
L
                                  fffe06c4  fffe0709        46   4
P
                                  fffe070a  fffe2730      2027   1
EXCEPTVECT
                                  ffffff80  fffffffb        7c   4
RESETVECT
                                  fffffffc  ffffffff         4   4
